import { NgModule } from '@angular/core';
import { CommonModule } from '@angular/common';
import { Routes, RouterModule } from '@angular/router';
import { TestPage } from './test.page';

const routes: Routes = [
  {
    path: '',
    component: TestPage,
    // loadChildren: () => import('./pages/pages.module').then(m => m.PagesModule)
  }
];

@NgModule({
  declarations: [
    TestPage
  ],
  imports: [
    CommonModule,
    RouterModule.forChild(routes)
  ],
  exports: [
    TestPage
  ]
})
export class TestModule { }
